time="2026-02-15T18:39:34.461685315Z" level=info msg="Starting up"
time="2026-02-15T18:39:34.464817022Z" level=info msg="containerd not running, starting managed containerd"
time="2026-02-15T18:39:34.518830146Z" level=info msg="started new containerd process" address=/var/run/docker/containerd/containerd.sock module=libcontainerd pid=512
time="2026-02-15T18:39:39.471269030Z" level=info msg="starting containerd" revision=442cb34bda9a6a0fed82a2ca7cade05c5c749582 version=1.7.29-1
time="2026-02-15T18:39:39.510800747Z" level=info msg="loading plugin \"io.containerd.snapshotter.v1.aufs\"..." type=io.containerd.snapshotter.v1
time="2026-02-15T18:39:39.512004665Z" level=info msg="skip loading plugin \"io.containerd.snapshotter.v1.aufs\"..." error="aufs is not supported (modprobe aufs failed: exec: \"modprobe\": executable file not found in $PATH \"\"): skip plugin" type=io.containerd.snapshotter.v1
time="2026-02-15T18:39:39.512037584Z" level=info msg="loading plugin \"io.containerd.event.v1.exchange\"..." type=io.containerd.event.v1
time="2026-02-15T18:39:39.512055076Z" level=info msg="loading plugin \"io.containerd.internal.v1.opt\"..." type=io.containerd.internal.v1
time="2026-02-15T18:39:39.515358953Z" level=info msg="loading plugin \"io.containerd.warning.v1.deprecations\"..." type=io.containerd.warning.v1
time="2026-02-15T18:39:39.515387106Z" level=info msg="loading plugin \"io.containerd.snapshotter.v1.blockfile\"..." type=io.containerd.snapshotter.v1
time="2026-02-15T18:39:39.515443078Z" level=info msg="skip loading plugin \"io.containerd.snapshotter.v1.blockfile\"..." error="no scratch file generator: skip plugin" type=io.containerd.snapshotter.v1
time="2026-02-15T18:39:39.515458176Z" level=info msg="loading plugin \"io.containerd.snapshotter.v1.btrfs\"..." type=io.containerd.snapshotter.v1
time="2026-02-15T18:39:39.515718151Z" level=info msg="skip loading plugin \"io.containerd.snapshotter.v1.btrfs\"..." error="path /var/lib/docker/containerd/daemon/io.containerd.snapshotter.v1.btrfs (ext4) must be a btrfs filesystem to be used with the btrfs snapshotter: skip plugin" type=io.containerd.snapshotter.v1
time="2026-02-15T18:39:39.515737032Z" level=info msg="loading plugin \"io.containerd.snapshotter.v1.devmapper\"..." type=io.containerd.snapshotter.v1
time="2026-02-15T18:39:39.515751291Z" level=info msg="skip loading plugin \"io.containerd.snapshotter.v1.devmapper\"..." error="devmapper not configured: skip plugin" type=io.containerd.snapshotter.v1
time="2026-02-15T18:39:39.515762296Z" level=info msg="loading plugin \"io.containerd.snapshotter.v1.native\"..." type=io.containerd.snapshotter.v1
time="2026-02-15T18:39:39.515832653Z" level=info msg="loading plugin \"io.containerd.snapshotter.v1.overlayfs\"..." type=io.containerd.snapshotter.v1
time="2026-02-15T18:39:39.516041875Z" level=info msg="loading plugin \"io.containerd.snapshotter.v1.zfs\"..." type=io.containerd.snapshotter.v1
time="2026-02-15T18:39:39.516173185Z" level=info msg="skip loading plugin \"io.containerd.snapshotter.v1.zfs\"..." error="path /var/lib/docker/containerd/daemon/io.containerd.snapshotter.v1.zfs must be a zfs filesystem to be used with the zfs snapshotter: skip plugin" type=io.containerd.snapshotter.v1
time="2026-02-15T18:39:39.516188816Z" level=info msg="loading plugin \"io.containerd.content.v1.content\"..." type=io.containerd.content.v1
time="2026-02-15T18:39:39.516205141Z" level=info msg="loading plugin \"io.containerd.metadata.v1.bolt\"..." type=io.containerd.metadata.v1
time="2026-02-15T18:39:39.516254263Z" level=info msg="metadata content store policy set" policy=shared
time="2026-02-15T18:39:39.519289713Z" level=info msg="loading plugin \"io.containerd.gc.v1.scheduler\"..." type=io.containerd.gc.v1
time="2026-02-15T18:39:39.519329241Z" level=info msg="loading plugin \"io.containerd.differ.v1.walking\"..." type=io.containerd.differ.v1
time="2026-02-15T18:39:39.519346487Z" level=info msg="loading plugin \"io.containerd.lease.v1.manager\"..." type=io.containerd.lease.v1
time="2026-02-15T18:39:39.519359116Z" level=info msg="loading plugin \"io.containerd.streaming.v1.manager\"..." type=io.containerd.streaming.v1
time="2026-02-15T18:39:39.519374020Z" level=info msg="loading plugin \"io.containerd.runtime.v1.linux\"..." type=io.containerd.runtime.v1
time="2026-02-15T18:39:39.519488322Z" level=info msg="loading plugin \"io.containerd.monitor.v1.cgroups\"..." type=io.containerd.monitor.v1
time="2026-02-15T18:39:39.519965797Z" level=info msg="loading plugin \"io.containerd.runtime.v2.task\"..." type=io.containerd.runtime.v2
time="2026-02-15T18:39:39.520065444Z" level=info msg="loading plugin \"io.containerd.runtime.v2.shim\"..." type=io.containerd.runtime.v2
time="2026-02-15T18:39:39.520077647Z" level=info msg="loading plugin \"io.containerd.sandbox.store.v1.local\"..." type=io.containerd.sandbox.store.v1
time="2026-02-15T18:39:39.520086190Z" level=info msg="loading plugin \"io.containerd.sandbox.controller.v1.local\"..." type=io.containerd.sandbox.controller.v1
time="2026-02-15T18:39:39.520096297Z" level=info msg="loading plugin \"io.containerd.service.v1.containers-service\"..." type=io.containerd.service.v1
time="2026-02-15T18:39:39.520104876Z" level=info msg="loading plugin \"io.containerd.service.v1.content-service\"..." type=io.containerd.service.v1
time="2026-02-15T18:39:39.520112584Z" level=info msg="loading plugin \"io.containerd.service.v1.diff-service\"..." type=io.containerd.service.v1
time="2026-02-15T18:39:39.520121559Z" level=info msg="loading plugin \"io.containerd.service.v1.images-service\"..." type=io.containerd.service.v1
time="2026-02-15T18:39:39.520129835Z" level=info msg="loading plugin \"io.containerd.service.v1.introspection-service\"..." type=io.containerd.service.v1
time="2026-02-15T18:39:39.520138378Z" level=info msg="loading plugin \"io.containerd.service.v1.namespaces-service\"..." type=io.containerd.service.v1
time="2026-02-15T18:39:39.520146222Z" level=info msg="loading plugin \"io.containerd.service.v1.snapshots-service\"..." type=io.containerd.service.v1
time="2026-02-15T18:39:39.520153419Z" level=info msg="loading plugin \"io.containerd.service.v1.tasks-service\"..." type=io.containerd.service.v1
time="2026-02-15T18:39:39.520167489Z" level=info msg="loading plugin \"io.containerd.grpc.v1.containers\"..." type=io.containerd.grpc.v1
time="2026-02-15T18:39:39.520176223Z" level=info msg="loading plugin \"io.containerd.grpc.v1.content\"..." type=io.containerd.grpc.v1
time="2026-02-15T18:39:39.520184334Z" level=info msg="loading plugin \"io.containerd.grpc.v1.diff\"..." type=io.containerd.grpc.v1
time="2026-02-15T18:39:39.520195386Z" level=info msg="loading plugin \"io.containerd.grpc.v1.events\"..." type=io.containerd.grpc.v1
time="2026-02-15T18:39:39.520204076Z" level=info msg="loading plugin \"io.containerd.grpc.v1.images\"..." type=io.containerd.grpc.v1
time="2026-02-15T18:39:39.520212090Z" level=info msg="loading plugin \"io.containerd.grpc.v1.introspection\"..." type=io.containerd.grpc.v1
time="2026-02-15T18:39:39.520219306Z" level=info msg="loading plugin \"io.containerd.grpc.v1.leases\"..." type=io.containerd.grpc.v1
time="2026-02-15T18:39:39.520226923Z" level=info msg="loading plugin \"io.containerd.grpc.v1.namespaces\"..." type=io.containerd.grpc.v1
time="2026-02-15T18:39:39.520236445Z" level=info msg="loading plugin \"io.containerd.grpc.v1.sandbox-controllers\"..." type=io.containerd.grpc.v1
time="2026-02-15T18:39:39.520245309Z" level=info msg="loading plugin \"io.containerd.grpc.v1.sandboxes\"..." type=io.containerd.grpc.v1
time="2026-02-15T18:39:39.520253196Z" level=info msg="loading plugin \"io.containerd.grpc.v1.snapshots\"..." type=io.containerd.grpc.v1
time="2026-02-15T18:39:39.520260568Z" level=info msg="loading plugin \"io.containerd.grpc.v1.streaming\"..." type=io.containerd.grpc.v1
time="2026-02-15T18:39:39.520268004Z" level=info msg="loading plugin \"io.containerd.grpc.v1.tasks\"..." type=io.containerd.grpc.v1
time="2026-02-15T18:39:39.520277105Z" level=info msg="loading plugin \"io.containerd.transfer.v1.local\"..." type=io.containerd.transfer.v1
time="2026-02-15T18:39:39.520290380Z" level=info msg="loading plugin \"io.containerd.grpc.v1.transfer\"..." type=io.containerd.grpc.v1
time="2026-02-15T18:39:39.520301215Z" level=info msg="loading plugin \"io.containerd.grpc.v1.version\"..." type=io.containerd.grpc.v1
time="2026-02-15T18:39:39.520309941Z" level=info msg="loading plugin \"io.containerd.internal.v1.restart\"..." type=io.containerd.internal.v1
time="2026-02-15T18:39:39.520476731Z" level=info msg="loading plugin \"io.containerd.tracing.processor.v1.otlp\"..." type=io.containerd.tracing.processor.v1
time="2026-02-15T18:39:39.520493070Z" level=info msg="skip loading plugin \"io.containerd.tracing.processor.v1.otlp\"..." error="skip plugin: tracing endpoint not configured" type=io.containerd.tracing.processor.v1
time="2026-02-15T18:39:39.520499406Z" level=info msg="loading plugin \"io.containerd.internal.v1.tracing\"..." type=io.containerd.internal.v1
time="2026-02-15T18:39:39.520506262Z" level=info msg="skip loading plugin \"io.containerd.internal.v1.tracing\"..." error="skip plugin: tracing endpoint not configured" type=io.containerd.internal.v1
time="2026-02-15T18:39:39.520512298Z" level=info msg="loading plugin \"io.containerd.grpc.v1.healthcheck\"..." type=io.containerd.grpc.v1
time="2026-02-15T18:39:39.520521042Z" level=info msg="loading plugin \"io.containerd.nri.v1.nri\"..." type=io.containerd.nri.v1
time="2026-02-15T18:39:39.520530443Z" level=info msg="NRI interface is disabled by configuration."
time="2026-02-15T18:39:39.520947053Z" level=info msg=serving... address=/var/run/docker/containerd/containerd-debug.sock
time="2026-02-15T18:39:39.521008107Z" level=info msg=serving... address=/var/run/docker/containerd/containerd.sock.ttrpc
time="2026-02-15T18:39:39.521051283Z" level=info msg=serving... address=/var/run/docker/containerd/containerd.sock
time="2026-02-15T18:39:39.521069108Z" level=info msg="containerd successfully booted in 0.051678s"
time="2026-02-15T18:39:39.531225183Z" level=info msg="OTEL tracing is not configured, using no-op tracer provider"
time="2026-02-15T18:39:39.531416872Z" level=info msg="CDI directory does not exist, skipping: failed to monitor for changes: no such file or directory" dir=/etc/cdi
time="2026-02-15T18:39:39.531433048Z" level=info msg="CDI directory does not exist, skipping: failed to monitor for changes: no such file or directory" dir=/var/run/cdi
time="2026-02-15T18:39:40.209830009Z" level=info msg="Creating a containerd client" address=/var/run/docker/containerd/containerd.sock timeout=1m0s
time="2026-02-15T18:39:40.228989235Z" level=info msg="Loading containers: start."
time="2026-02-15T18:39:40.970354001Z" level=info msg="Loading containers: done."
time="2026-02-15T18:39:41.042912604Z" level=warning msg="Not using native diff for overlay2, this may cause degraded performance for building images: kernel has CONFIG_OVERLAY_FS_REDIRECT_DIR enabled" storage-driver=overlay2
time="2026-02-15T18:39:41.042996294Z" level=info msg="Docker daemon" commit=f8215cc266744ef195a50a70d427c345da2acdbb containerd-snapshotter=false storage-driver=overlay2 version=28.5.1-1
time="2026-02-15T18:39:41.043051579Z" level=info msg="Initializing buildkit"
time="2026-02-15T18:39:41.077729068Z" level=info msg="Completed buildkit initialization"
time="2026-02-15T18:39:41.087586000Z" level=info msg="Daemon has completed initialization"
time="2026-02-15T18:39:41.087659815Z" level=info msg="API listen on /var/run/docker.sock"
